// Jest Snapshot v1, https://goo.gl/fbAQLP

exports[`renders tab panel component 1`] = `
<div>
  <div
    class="MuiSnackbar-root MuiSnackbar-anchorOriginBottomLeft css-cpgvjg-MuiSnackbar-root"
    role="presentation"
  >
    <div
      direction="up"
      style="opacity: 1; transform: scale(1, 1); transition: opacity 225ms cubic-bezier(0.4, 0, 0.2, 1) 0ms,transform 150ms cubic-bezier(0.4, 0, 0.2, 1) 0ms;"
    />
  </div>
</div>
`;
