// Jest Snapshot v1, https://goo.gl/fbAQLP

exports[`renders MainLayout component 1`] = `
<div>
  <header>
    <header
      class="MuiPaper-root MuiPaper-elevation MuiPaper-elevation4 MuiAppBar-root MuiAppBar-colorPrimary MuiAppBar-positionStatic css-hip9hq-MuiPaper-root-MuiAppBar-root"
    >
      <div
        class="MuiToolbar-root MuiToolbar-gutters MuiToolbar-regular css-hyum1k-MuiToolbar-root"
      >
        <h6
          class="MuiTypography-root MuiTypography-h6 css-2ulfj5-MuiTypography-root"
        >
          Stock Vision
        </h6>
      </div>
    </header>
  </header>
  <main>
    <div>
      Hi
    </div>
  </main>
  <footer
    class="footer"
  >
    <p>
      © 
      2023
       Stock Vision. All Rights Reserved.
    </p>
    <p
      class="footerLastText"
    >
      Made with ❤️ by Erick Badilla
    </p>
  </footer>
</div>
`;
